Copyright 1986-2022 Xilinx, Inc. All Rights Reserved. Copyright 2022-2026 Advanced Micro Devices, Inc. All Rights Reserved.
---------------------------------------------------------------------------------------------------------------------------------------------
| Tool Version : Vivado v.2026.1 (lin64) Build 6511674 Tue Jun 16 11:01:26 MDT 2026
| Date         : Wed Jul  8 21:46:57 2026
| Host         : dtrung-lab running 64-bit Ubuntu 26.04 LTS
| Command      : report_timing -delay_type max -max_paths 10 -file /home/dtrung/Desktop/i2c_project/reports/timing/impl_setup.rpt
| Design       : i2c_top
| Device       : 7a35ti-csg324
| Speed File   : -1L  PRODUCTION 1.23 2018-06-13
| Design State : Routed
---------------------------------------------------------------------------------------------------------------------------------------------

Timing Report

Slack (MET) :             15.141ns  (required time - arrival time)
  Source:                 scl_gen/cnt_reg[2]/C
                            (rising edge-triggered cell FDCE clocked by sysclk  {rise@0.000ns fall@10.000ns period=20.000ns})
  Destination:            master/FSM_sequential_state_reg[1]/CE
                            (rising edge-triggered cell FDCE clocked by sysclk  {rise@0.000ns fall@10.000ns period=20.000ns})
  Path Group:             sysclk
  Path Type:              Setup (Max at Slow Process Corner)
  Requirement:            20.000ns  (sysclk rise@20.000ns - sysclk rise@0.000ns)
  Data Path Delay:        4.591ns  (logic 1.218ns (26.528%)  route 3.373ns (73.472%))
  Logic Levels:           3  (LUT4=1 LUT6=2)
  Clock Path Skew:        -0.027ns (DCD - SCD + CPR)
    Destination Clock Delay (DCD):    4.301ns = ( 24.301 - 20.000 ) 
    Source Clock Delay      (SCD):    4.663ns
    Clock Pessimism Removal (CPR):    0.335ns
  Clock Uncertainty:      0.035ns  ((TSJ^2 + TIJ^2)^1/2 + DJ) / 2 + PE
    Total System Jitter     (TSJ):    0.071ns
    Total Input Jitter      (TIJ):    0.000ns
    Discrete Jitter          (DJ):    0.000ns
    Phase Error              (PE):    0.000ns

    Location             Delay type                Incr(ns)  Path(ns)    Netlist Resource(s)
  -------------------------------------------------------------------    -------------------
                         (clock sysclk rise edge)     0.000     0.000 r  <hidden>
    N15                                               0.000     0.000 r  clk
                         net (fo=0)                   0.000     0.000    clk
    N15                  IBUF (Prop_ibuf_I_O)         0.962     0.962 r  clk_IBUF_inst/O
                         net (fo=1, routed)           1.972     2.933    clk_IBUF
    BUFGCTRL_X0Y0        BUFG (Prop_bufg_I_O)         0.096     3.029 r  clk_IBUF_BUFG_inst/O
                         net (fo=67, routed)          1.633     4.663    scl_gen/CLK
    SLICE_X7Y10          FDCE                                         r  scl_gen/cnt_reg[2]/C
  -------------------------------------------------------------------    -------------------
    SLICE_X7Y10          FDCE (Prop_fdce_C_Q)         0.419     5.082 f  scl_gen/cnt_reg[2]/Q
                         net (fo=6, routed)           0.907     5.989    scl_gen/cnt_reg_n_0_[2]
    SLICE_X6Y10          LUT4 (Prop_lut4_I3_O)        0.327     6.316 f  scl_gen/FSM_sequential_state[3]_i_12/O
                         net (fo=11, routed)          1.308     7.624    master/FSM_sequential_state_reg[0]_1
    SLICE_X3Y12          LUT6 (Prop_lut6_I4_O)        0.348     7.972 f  master/FSM_sequential_state[3]_i_4/O
                         net (fo=1, routed)           0.577     8.549    master/FSM_sequential_state[3]_i_4_n_0
    SLICE_X5Y12          LUT6 (Prop_lut6_I0_O)        0.124     8.673 r  master/FSM_sequential_state[3]_i_1/O
                         net (fo=4, routed)           0.581     9.254    master/FSM_sequential_state[3]_i_1_n_0
    SLICE_X5Y12          FDCE                                         r  master/FSM_sequential_state_reg[1]/CE
  -------------------------------------------------------------------    -------------------

                         (clock sysclk rise edge)    20.000    20.000 r  <hidden>
    N15                                               0.000    20.000 r  clk
                         net (fo=0)                   0.000    20.000    clk
    N15                  IBUF (Prop_ibuf_I_O)         0.828    20.828 r  clk_IBUF_inst/O
                         net (fo=1, routed)           1.868    22.696    clk_IBUF
    BUFGCTRL_X0Y0        BUFG (Prop_bufg_I_O)         0.091    22.787 r  clk_IBUF_BUFG_inst/O
                         net (fo=67, routed)          1.513    24.301    master/CLK
    SLICE_X5Y12          FDCE                                         r  master/FSM_sequential_state_reg[1]/C
                         clock pessimism              0.335    24.636    <hidden>
                         clock uncertainty           -0.035    24.600    <hidden>
    SLICE_X5Y12          FDCE (Setup_fdce_C_CE)      -0.205    24.395    master/FSM_sequential_state_reg[1]
  -------------------------------------------------------------------
                         required time                         24.395    <hidden>
                         arrival time                          -9.254    <hidden>
  -------------------------------------------------------------------
                         slack                                 15.141    <hidden>

Slack (MET) :             15.331ns  (required time - arrival time)
  Source:                 scl_gen/cnt_reg[2]/C
                            (rising edge-triggered cell FDCE clocked by sysclk  {rise@0.000ns fall@10.000ns period=20.000ns})
  Destination:            master/FSM_sequential_state_reg[0]/CE
                            (rising edge-triggered cell FDCE clocked by sysclk  {rise@0.000ns fall@10.000ns period=20.000ns})
  Path Group:             sysclk
  Path Type:              Setup (Max at Slow Process Corner)
  Requirement:            20.000ns  (sysclk rise@20.000ns - sysclk rise@0.000ns)
  Data Path Delay:        4.402ns  (logic 1.218ns (27.669%)  route 3.184ns (72.331%))
  Logic Levels:           3  (LUT4=1 LUT6=2)
  Clock Path Skew:        -0.027ns (DCD - SCD + CPR)
    Destination Clock Delay (DCD):    4.301ns = ( 24.301 - 20.000 ) 
    Source Clock Delay      (SCD):    4.663ns
    Clock Pessimism Removal (CPR):    0.335ns
  Clock Uncertainty:      0.035ns  ((TSJ^2 + TIJ^2)^1/2 + DJ) / 2 + PE
    Total System Jitter     (TSJ):    0.071ns
    Total Input Jitter      (TIJ):    0.000ns
    Discrete Jitter          (DJ):    0.000ns
    Phase Error              (PE):    0.000ns

    Location             Delay type                Incr(ns)  Path(ns)    Netlist Resource(s)
  -------------------------------------------------------------------    -------------------
                         (clock sysclk rise edge)     0.000     0.000 r  <hidden>
    N15                                               0.000     0.000 r  clk
                         net (fo=0)                   0.000     0.000    clk
    N15                  IBUF (Prop_ibuf_I_O)         0.962     0.962 r  clk_IBUF_inst/O
                         net (fo=1, routed)           1.972     2.933    clk_IBUF
    BUFGCTRL_X0Y0        BUFG (Prop_bufg_I_O)         0.096     3.029 r  clk_IBUF_BUFG_inst/O
                         net (fo=67, routed)          1.633     4.663    scl_gen/CLK
    SLICE_X7Y10          FDCE                                         r  scl_gen/cnt_reg[2]/C
  -------------------------------------------------------------------    -------------------
    SLICE_X7Y10          FDCE (Prop_fdce_C_Q)         0.419     5.082 f  scl_gen/cnt_reg[2]/Q
                         net (fo=6, routed)           0.907     5.989    scl_gen/cnt_reg_n_0_[2]
    SLICE_X6Y10          LUT4 (Prop_lut4_I3_O)        0.327     6.316 f  scl_gen/FSM_sequential_state[3]_i_12/O
                         net (fo=11, routed)          1.308     7.624    master/FSM_sequential_state_reg[0]_1
    SLICE_X3Y12          LUT6 (Prop_lut6_I4_O)        0.348     7.972 f  master/FSM_sequential_state[3]_i_4/O
                         net (fo=1, routed)           0.577     8.549    master/FSM_sequential_state[3]_i_4_n_0
    SLICE_X5Y12          LUT6 (Prop_lut6_I0_O)        0.124     8.673 r  master/FSM_sequential_state[3]_i_1/O
                         net (fo=4, routed)           0.392     9.065    master/FSM_sequential_state[3]_i_1_n_0
    SLICE_X4Y12          FDCE                                         r  master/FSM_sequential_state_reg[0]/CE
  -------------------------------------------------------------------    -------------------

                         (clock sysclk rise edge)    20.000    20.000 r  <hidden>
    N15                                               0.000    20.000 r  clk
                         net (fo=0)                   0.000    20.000    clk
    N15                  IBUF (Prop_ibuf_I_O)         0.828    20.828 r  clk_IBUF_inst/O
                         net (fo=1, routed)           1.868    22.696    clk_IBUF
    BUFGCTRL_X0Y0        BUFG (Prop_bufg_I_O)         0.091    22.787 r  clk_IBUF_BUFG_inst/O
                         net (fo=67, routed)          1.513    24.301    master/CLK
    SLICE_X4Y12          FDCE                                         r  master/FSM_sequential_state_reg[0]/C
                         clock pessimism              0.335    24.636    <hidden>
                         clock uncertainty           -0.035    24.600    <hidden>
    SLICE_X4Y12          FDCE (Setup_fdce_C_CE)      -0.205    24.395    master/FSM_sequential_state_reg[0]
  -------------------------------------------------------------------
                         required time                         24.395    <hidden>
                         arrival time                          -9.065    <hidden>
  -------------------------------------------------------------------
                         slack                                 15.331    <hidden>

Slack (MET) :             15.381ns  (required time - arrival time)
  Source:                 scl_gen/cnt_reg[2]/C
                            (rising edge-triggered cell FDCE clocked by sysclk  {rise@0.000ns fall@10.000ns period=20.000ns})
  Destination:            master/FSM_sequential_state_reg[2]/CE
                            (rising edge-triggered cell FDCE clocked by sysclk  {rise@0.000ns fall@10.000ns period=20.000ns})
  Path Group:             sysclk
  Path Type:              Setup (Max at Slow Process Corner)
  Requirement:            20.000ns  (sysclk rise@20.000ns - sysclk rise@0.000ns)
  Data Path Delay:        4.353ns  (logic 1.218ns (27.983%)  route 3.135ns (72.017%))
  Logic Levels:           3  (LUT4=1 LUT6=2)
  Clock Path Skew:        -0.026ns (DCD - SCD + CPR)
    Destination Clock Delay (DCD):    4.302ns = ( 24.302 - 20.000 ) 
    Source Clock Delay      (SCD):    4.663ns
    Clock Pessimism Removal (CPR):    0.335ns
  Clock Uncertainty:      0.035ns  ((TSJ^2 + TIJ^2)^1/2 + DJ) / 2 + PE
    Total System Jitter     (TSJ):    0.071ns
    Total Input Jitter      (TIJ):    0.000ns
    Discrete Jitter          (DJ):    0.000ns
    Phase Error              (PE):    0.000ns

    Location             Delay type                Incr(ns)  Path(ns)    Netlist Resource(s)
  -------------------------------------------------------------------    -------------------
                         (clock sysclk rise edge)     0.000     0.000 r  <hidden>
    N15                                               0.000     0.000 r  clk
                         net (fo=0)                   0.000     0.000    clk
    N15                  IBUF (Prop_ibuf_I_O)         0.962     0.962 r  clk_IBUF_inst/O
                         net (fo=1, routed)           1.972     2.933    clk_IBUF
    BUFGCTRL_X0Y0        BUFG (Prop_bufg_I_O)         0.096     3.029 r  clk_IBUF_BUFG_inst/O
                         net (fo=67, routed)          1.633     4.663    scl_gen/CLK
    SLICE_X7Y10          FDCE                                         r  scl_gen/cnt_reg[2]/C
  -------------------------------------------------------------------    -------------------
    SLICE_X7Y10          FDCE (Prop_fdce_C_Q)         0.419     5.082 f  scl_gen/cnt_reg[2]/Q
                         net (fo=6, routed)           0.907     5.989    scl_gen/cnt_reg_n_0_[2]
    SLICE_X6Y10          LUT4 (Prop_lut4_I3_O)        0.327     6.316 f  scl_gen/FSM_sequential_state[3]_i_12/O
                         net (fo=11, routed)          1.308     7.624    master/FSM_sequential_state_reg[0]_1
    SLICE_X3Y12          LUT6 (Prop_lut6_I4_O)        0.348     7.972 f  master/FSM_sequential_state[3]_i_4/O
                         net (fo=1, routed)           0.577     8.549    master/FSM_sequential_state[3]_i_4_n_0
    SLICE_X5Y12          LUT6 (Prop_lut6_I0_O)        0.124     8.673 r  master/FSM_sequential_state[3]_i_1/O
                         net (fo=4, routed)           0.342     9.015    master/FSM_sequential_state[3]_i_1_n_0
    SLICE_X4Y11          FDCE                                         r  master/FSM_sequential_state_reg[2]/CE
  -------------------------------------------------------------------    -------------------

                         (clock sysclk rise edge)    20.000    20.000 r  <hidden>
    N15                                               0.000    20.000 r  clk
                         net (fo=0)                   0.000    20.000    clk
    N15                  IBUF (Prop_ibuf_I_O)         0.828    20.828 r  clk_IBUF_inst/O
                         net (fo=1, routed)           1.868    22.696    clk_IBUF
    BUFGCTRL_X0Y0        BUFG (Prop_bufg_I_O)         0.091    22.787 r  clk_IBUF_BUFG_inst/O
                         net (fo=67, routed)          1.514    24.302    master/CLK
    SLICE_X4Y11          FDCE                                         r  master/FSM_sequential_state_reg[2]/C
                         clock pessimism              0.335    24.637    <hidden>
                         clock uncertainty           -0.035    24.601    <hidden>
    SLICE_X4Y11          FDCE (Setup_fdce_C_CE)      -0.205    24.396    master/FSM_sequential_state_reg[2]
  -------------------------------------------------------------------
                         required time                         24.396    <hidden>
                         arrival time                          -9.015    <hidden>
  -------------------------------------------------------------------
                         slack                                 15.381    <hidden>

Slack (MET) :             15.381ns  (required time - arrival time)
  Source:                 scl_gen/cnt_reg[2]/C
                            (rising edge-triggered cell FDCE clocked by sysclk  {rise@0.000ns fall@10.000ns period=20.000ns})
  Destination:            master/FSM_sequential_state_reg[3]/CE
                            (rising edge-triggered cell FDCE clocked by sysclk  {rise@0.000ns fall@10.000ns period=20.000ns})
  Path Group:             sysclk
  Path Type:              Setup (Max at Slow Process Corner)
  Requirement:            20.000ns  (sysclk rise@20.000ns - sysclk rise@0.000ns)
  Data Path Delay:        4.353ns  (logic 1.218ns (27.983%)  route 3.135ns (72.017%))
  Logic Levels:           3  (LUT4=1 LUT6=2)
  Clock Path Skew:        -0.026ns (DCD - SCD + CPR)
    Destination Clock Delay (DCD):    4.302ns = ( 24.302 - 20.000 ) 
    Source Clock Delay      (SCD):    4.663ns
    Clock Pessimism Removal (CPR):    0.335ns
  Clock Uncertainty:      0.035ns  ((TSJ^2 + TIJ^2)^1/2 + DJ) / 2 + PE
    Total System Jitter     (TSJ):    0.071ns
    Total Input Jitter      (TIJ):    0.000ns
    Discrete Jitter          (DJ):    0.000ns
    Phase Error              (PE):    0.000ns

    Location             Delay type                Incr(ns)  Path(ns)    Netlist Resource(s)
  -------------------------------------------------------------------    -------------------
                         (clock sysclk rise edge)     0.000     0.000 r  <hidden>
    N15                                               0.000     0.000 r  clk
                         net (fo=0)                   0.000     0.000    clk
    N15                  IBUF (Prop_ibuf_I_O)         0.962     0.962 r  clk_IBUF_inst/O
                         net (fo=1, routed)           1.972     2.933    clk_IBUF
    BUFGCTRL_X0Y0        BUFG (Prop_bufg_I_O)         0.096     3.029 r  clk_IBUF_BUFG_inst/O
                         net (fo=67, routed)          1.633     4.663    scl_gen/CLK
    SLICE_X7Y10          FDCE                                         r  scl_gen/cnt_reg[2]/C
  -------------------------------------------------------------------    -------------------
    SLICE_X7Y10          FDCE (Prop_fdce_C_Q)         0.419     5.082 f  scl_gen/cnt_reg[2]/Q
                         net (fo=6, routed)           0.907     5.989    scl_gen/cnt_reg_n_0_[2]
    SLICE_X6Y10          LUT4 (Prop_lut4_I3_O)        0.327     6.316 f  scl_gen/FSM_sequential_state[3]_i_12/O
                         net (fo=11, routed)          1.308     7.624    master/FSM_sequential_state_reg[0]_1
    SLICE_X3Y12          LUT6 (Prop_lut6_I4_O)        0.348     7.972 f  master/FSM_sequential_state[3]_i_4/O
                         net (fo=1, routed)           0.577     8.549    master/FSM_sequential_state[3]_i_4_n_0
    SLICE_X5Y12          LUT6 (Prop_lut6_I0_O)        0.124     8.673 r  master/FSM_sequential_state[3]_i_1/O
                         net (fo=4, routed)           0.342     9.015    master/FSM_sequential_state[3]_i_1_n_0
    SLICE_X4Y11          FDCE                                         r  master/FSM_sequential_state_reg[3]/CE
  -------------------------------------------------------------------    -------------------

                         (clock sysclk rise edge)    20.000    20.000 r  <hidden>
    N15                                               0.000    20.000 r  clk
                         net (fo=0)                   0.000    20.000    clk
    N15                  IBUF (Prop_ibuf_I_O)         0.828    20.828 r  clk_IBUF_inst/O
                         net (fo=1, routed)           1.868    22.696    clk_IBUF
    BUFGCTRL_X0Y0        BUFG (Prop_bufg_I_O)         0.091    22.787 r  clk_IBUF_BUFG_inst/O
                         net (fo=67, routed)          1.514    24.302    master/CLK
    SLICE_X4Y11          FDCE                                         r  master/FSM_sequential_state_reg[3]/C
                         clock pessimism              0.335    24.637    <hidden>
                         clock uncertainty           -0.035    24.601    <hidden>
    SLICE_X4Y11          FDCE (Setup_fdce_C_CE)      -0.205    24.396    master/FSM_sequential_state_reg[3]
  -------------------------------------------------------------------
                         required time                         24.396    <hidden>
                         arrival time                          -9.015    <hidden>
  -------------------------------------------------------------------
                         slack                                 15.381    <hidden>

Slack (MET) :             15.443ns  (required time - arrival time)
  Source:                 scl_gen/cnt_reg[2]/C
                            (rising edge-triggered cell FDCE clocked by sysclk  {rise@0.000ns fall@10.000ns period=20.000ns})
  Destination:            master/sda_oen_reg/CE
                            (rising edge-triggered cell FDPE clocked by sysclk  {rise@0.000ns fall@10.000ns period=20.000ns})
  Path Group:             sysclk
  Path Type:              Setup (Max at Slow Process Corner)
  Requirement:            20.000ns  (sysclk rise@20.000ns - sysclk rise@0.000ns)
  Data Path Delay:        4.279ns  (logic 1.448ns (33.839%)  route 2.831ns (66.161%))
  Logic Levels:           3  (LUT4=2 LUT6=1)
  Clock Path Skew:        -0.038ns (DCD - SCD + CPR)
    Destination Clock Delay (DCD):    4.303ns = ( 24.303 - 20.000 ) 
    Source Clock Delay      (SCD):    4.663ns
    Clock Pessimism Removal (CPR):    0.322ns
  Clock Uncertainty:      0.035ns  ((TSJ^2 + TIJ^2)^1/2 + DJ) / 2 + PE
    Total System Jitter     (TSJ):    0.071ns
    Total Input Jitter      (TIJ):    0.000ns
    Discrete Jitter          (DJ):    0.000ns
    Phase Error              (PE):    0.000ns

    Location             Delay type                Incr(ns)  Path(ns)    Netlist Resource(s)
  -------------------------------------------------------------------    -------------------
                         (clock sysclk rise edge)     0.000     0.000 r  <hidden>
    N15                                               0.000     0.000 r  clk
                         net (fo=0)                   0.000     0.000    clk
    N15                  IBUF (Prop_ibuf_I_O)         0.962     0.962 r  clk_IBUF_inst/O
                         net (fo=1, routed)           1.972     2.933    clk_IBUF
    BUFGCTRL_X0Y0        BUFG (Prop_bufg_I_O)         0.096     3.029 r  clk_IBUF_BUFG_inst/O
                         net (fo=67, routed)          1.633     4.663    scl_gen/CLK
    SLICE_X7Y10          FDCE                                         r  scl_gen/cnt_reg[2]/C
  -------------------------------------------------------------------    -------------------
    SLICE_X7Y10          FDCE (Prop_fdce_C_Q)         0.419     5.082 f  scl_gen/cnt_reg[2]/Q
                         net (fo=6, routed)           0.907     5.989    scl_gen/cnt_reg_n_0_[2]
    SLICE_X6Y10          LUT4 (Prop_lut4_I3_O)        0.327     6.316 f  scl_gen/FSM_sequential_state[3]_i_12/O
                         net (fo=11, routed)          1.143     7.458    master/FSM_sequential_state_reg[0]_1
    SLICE_X4Y13          LUT4 (Prop_lut4_I3_O)        0.376     7.834 r  master/sda_oen_i_3/O
                         net (fo=1, routed)           0.434     8.268    master/sda_oen_i_3_n_0
    SLICE_X4Y13          LUT6 (Prop_lut6_I0_O)        0.326     8.594 r  master/sda_oen_i_1/O
                         net (fo=1, routed)           0.348     8.942    master/sda_oen_i_1_n_0
    SLICE_X3Y12          FDPE                                         r  master/sda_oen_reg/CE
  -------------------------------------------------------------------    -------------------

                         (clock sysclk rise edge)    20.000    20.000 r  <hidden>
    N15                                               0.000    20.000 r  clk
                         net (fo=0)                   0.000    20.000    clk
    N15                  IBUF (Prop_ibuf_I_O)         0.828    20.828 r  clk_IBUF_inst/O
                         net (fo=1, routed)           1.868    22.696    clk_IBUF
    BUFGCTRL_X0Y0        BUFG (Prop_bufg_I_O)         0.091    22.787 r  clk_IBUF_BUFG_inst/O
                         net (fo=67, routed)          1.515    24.303    master/CLK
    SLICE_X3Y12          FDPE                                         r  master/sda_oen_reg/C
                         clock pessimism              0.322    24.625    <hidden>
                         clock uncertainty           -0.035    24.589    <hidden>
    SLICE_X3Y12          FDPE (Setup_fdpe_C_CE)      -0.205    24.384    master/sda_oen_reg
  -------------------------------------------------------------------
                         required time                         24.384    <hidden>
                         arrival time                          -8.942    <hidden>
  -------------------------------------------------------------------
                         slack                                 15.443    <hidden>

Slack (MET) :             15.537ns  (required time - arrival time)
  Source:                 scl_gen/cnt_reg[2]/C
                            (rising edge-triggered cell FDCE clocked by sysclk  {rise@0.000ns fall@10.000ns period=20.000ns})
  Destination:            master/bit_cnt_reg[0]/CE
                            (rising edge-triggered cell FDCE clocked by sysclk  {rise@0.000ns fall@10.000ns period=20.000ns})
  Path Group:             sysclk
  Path Type:              Setup (Max at Slow Process Corner)
  Requirement:            20.000ns  (sysclk rise@20.000ns - sysclk rise@0.000ns)
  Data Path Delay:        4.222ns  (logic 1.218ns (28.850%)  route 3.004ns (71.150%))
  Logic Levels:           3  (LUT4=1 LUT6=2)
  Clock Path Skew:        -0.037ns (DCD - SCD + CPR)
    Destination Clock Delay (DCD):    4.304ns = ( 24.304 - 20.000 ) 
    Source Clock Delay      (SCD):    4.663ns
    Clock Pessimism Removal (CPR):    0.322ns
  Clock Uncertainty:      0.035ns  ((TSJ^2 + TIJ^2)^1/2 + DJ) / 2 + PE
    Total System Jitter     (TSJ):    0.071ns
    Total Input Jitter      (TIJ):    0.000ns
    Discrete Jitter          (DJ):    0.000ns
    Phase Error              (PE):    0.000ns

    Location             Delay type                Incr(ns)  Path(ns)    Netlist Resource(s)
  -------------------------------------------------------------------    -------------------
                         (clock sysclk rise edge)     0.000     0.000 r  <hidden>
    N15                                               0.000     0.000 r  clk
                         net (fo=0)                   0.000     0.000    clk
    N15                  IBUF (Prop_ibuf_I_O)         0.962     0.962 r  clk_IBUF_inst/O
                         net (fo=1, routed)           1.972     2.933    clk_IBUF
    BUFGCTRL_X0Y0        BUFG (Prop_bufg_I_O)         0.096     3.029 r  clk_IBUF_BUFG_inst/O
                         net (fo=67, routed)          1.633     4.663    scl_gen/CLK
    SLICE_X7Y10          FDCE                                         r  scl_gen/cnt_reg[2]/C
  -------------------------------------------------------------------    -------------------
    SLICE_X7Y10          FDCE (Prop_fdce_C_Q)         0.419     5.082 f  scl_gen/cnt_reg[2]/Q
                         net (fo=6, routed)           0.907     5.989    scl_gen/cnt_reg_n_0_[2]
    SLICE_X6Y10          LUT4 (Prop_lut4_I3_O)        0.327     6.316 f  scl_gen/FSM_sequential_state[3]_i_12/O
                         net (fo=11, routed)          1.072     7.388    master/FSM_sequential_state_reg[0]_1
    SLICE_X3Y11          LUT6 (Prop_lut6_I3_O)        0.348     7.736 f  master/bit_cnt[3]_i_4/O
                         net (fo=1, routed)           0.433     8.169    master/bit_cnt[3]_i_4_n_0
    SLICE_X3Y11          LUT6 (Prop_lut6_I1_O)        0.124     8.293 r  master/bit_cnt[3]_i_1/O
                         net (fo=4, routed)           0.591     8.885    master/bit_cnt[0]
    SLICE_X2Y11          FDCE                                         r  master/bit_cnt_reg[0]/CE
  -------------------------------------------------------------------    -------------------

                         (clock sysclk rise edge)    20.000    20.000 r  <hidden>
    N15                                               0.000    20.000 r  clk
                         net (fo=0)                   0.000    20.000    clk
    N15                  IBUF (Prop_ibuf_I_O)         0.828    20.828 r  clk_IBUF_inst/O
                         net (fo=1, routed)           1.868    22.696    clk_IBUF
    BUFGCTRL_X0Y0        BUFG (Prop_bufg_I_O)         0.091    22.787 r  clk_IBUF_BUFG_inst/O
                         net (fo=67, routed)          1.516    24.304    master/CLK
    SLICE_X2Y11          FDCE                                         r  master/bit_cnt_reg[0]/C
                         clock pessimism              0.322    24.626    <hidden>
                         clock uncertainty           -0.035    24.590    <hidden>
    SLICE_X2Y11          FDCE (Setup_fdce_C_CE)      -0.169    24.421    master/bit_cnt_reg[0]
  -------------------------------------------------------------------
                         required time                         24.421    <hidden>
                         arrival time                          -8.885    <hidden>
  -------------------------------------------------------------------
                         slack                                 15.537    <hidden>

Slack (MET) :             15.537ns  (required time - arrival time)
  Source:                 scl_gen/cnt_reg[2]/C
                            (rising edge-triggered cell FDCE clocked by sysclk  {rise@0.000ns fall@10.000ns period=20.000ns})
  Destination:            master/bit_cnt_reg[1]/CE
                            (rising edge-triggered cell FDCE clocked by sysclk  {rise@0.000ns fall@10.000ns period=20.000ns})
  Path Group:             sysclk
  Path Type:              Setup (Max at Slow Process Corner)
  Requirement:            20.000ns  (sysclk rise@20.000ns - sysclk rise@0.000ns)
  Data Path Delay:        4.222ns  (logic 1.218ns (28.850%)  route 3.004ns (71.150%))
  Logic Levels:           3  (LUT4=1 LUT6=2)
  Clock Path Skew:        -0.037ns (DCD - SCD + CPR)
    Destination Clock Delay (DCD):    4.304ns = ( 24.304 - 20.000 ) 
    Source Clock Delay      (SCD):    4.663ns
    Clock Pessimism Removal (CPR):    0.322ns
  Clock Uncertainty:      0.035ns  ((TSJ^2 + TIJ^2)^1/2 + DJ) / 2 + PE
    Total System Jitter     (TSJ):    0.071ns
    Total Input Jitter      (TIJ):    0.000ns
    Discrete Jitter          (DJ):    0.000ns
    Phase Error              (PE):    0.000ns

    Location             Delay type                Incr(ns)  Path(ns)    Netlist Resource(s)
  -------------------------------------------------------------------    -------------------
                         (clock sysclk rise edge)     0.000     0.000 r  <hidden>
    N15                                               0.000     0.000 r  clk
                         net (fo=0)                   0.000     0.000    clk
    N15                  IBUF (Prop_ibuf_I_O)         0.962     0.962 r  clk_IBUF_inst/O
                         net (fo=1, routed)           1.972     2.933    clk_IBUF
    BUFGCTRL_X0Y0        BUFG (Prop_bufg_I_O)         0.096     3.029 r  clk_IBUF_BUFG_inst/O
                         net (fo=67, routed)          1.633     4.663    scl_gen/CLK
    SLICE_X7Y10          FDCE                                         r  scl_gen/cnt_reg[2]/C
  -------------------------------------------------------------------    -------------------
    SLICE_X7Y10          FDCE (Prop_fdce_C_Q)         0.419     5.082 f  scl_gen/cnt_reg[2]/Q
                         net (fo=6, routed)           0.907     5.989    scl_gen/cnt_reg_n_0_[2]
    SLICE_X6Y10          LUT4 (Prop_lut4_I3_O)        0.327     6.316 f  scl_gen/FSM_sequential_state[3]_i_12/O
                         net (fo=11, routed)          1.072     7.388    master/FSM_sequential_state_reg[0]_1
    SLICE_X3Y11          LUT6 (Prop_lut6_I3_O)        0.348     7.736 f  master/bit_cnt[3]_i_4/O
                         net (fo=1, routed)           0.433     8.169    master/bit_cnt[3]_i_4_n_0
    SLICE_X3Y11          LUT6 (Prop_lut6_I1_O)        0.124     8.293 r  master/bit_cnt[3]_i_1/O
                         net (fo=4, routed)           0.591     8.885    master/bit_cnt[0]
    SLICE_X2Y11          FDCE                                         r  master/bit_cnt_reg[1]/CE
  -------------------------------------------------------------------    -------------------

                         (clock sysclk rise edge)    20.000    20.000 r  <hidden>
    N15                                               0.000    20.000 r  clk
                         net (fo=0)                   0.000    20.000    clk
    N15                  IBUF (Prop_ibuf_I_O)         0.828    20.828 r  clk_IBUF_inst/O
                         net (fo=1, routed)           1.868    22.696    clk_IBUF
    BUFGCTRL_X0Y0        BUFG (Prop_bufg_I_O)         0.091    22.787 r  clk_IBUF_BUFG_inst/O
                         net (fo=67, routed)          1.516    24.304    master/CLK
    SLICE_X2Y11          FDCE                                         r  master/bit_cnt_reg[1]/C
                         clock pessimism              0.322    24.626    <hidden>
                         clock uncertainty           -0.035    24.590    <hidden>
    SLICE_X2Y11          FDCE (Setup_fdce_C_CE)      -0.169    24.421    master/bit_cnt_reg[1]
  -------------------------------------------------------------------
                         required time                         24.421    <hidden>
                         arrival time                          -8.885    <hidden>
  -------------------------------------------------------------------
                         slack                                 15.537    <hidden>

Slack (MET) :             15.537ns  (required time - arrival time)
  Source:                 scl_gen/cnt_reg[2]/C
                            (rising edge-triggered cell FDCE clocked by sysclk  {rise@0.000ns fall@10.000ns period=20.000ns})
  Destination:            master/bit_cnt_reg[2]/CE
                            (rising edge-triggered cell FDCE clocked by sysclk  {rise@0.000ns fall@10.000ns period=20.000ns})
  Path Group:             sysclk
  Path Type:              Setup (Max at Slow Process Corner)
  Requirement:            20.000ns  (sysclk rise@20.000ns - sysclk rise@0.000ns)
  Data Path Delay:        4.222ns  (logic 1.218ns (28.850%)  route 3.004ns (71.150%))
  Logic Levels:           3  (LUT4=1 LUT6=2)
  Clock Path Skew:        -0.037ns (DCD - SCD + CPR)
    Destination Clock Delay (DCD):    4.304ns = ( 24.304 - 20.000 ) 
    Source Clock Delay      (SCD):    4.663ns
    Clock Pessimism Removal (CPR):    0.322ns
  Clock Uncertainty:      0.035ns  ((TSJ^2 + TIJ^2)^1/2 + DJ) / 2 + PE
    Total System Jitter     (TSJ):    0.071ns
    Total Input Jitter      (TIJ):    0.000ns
    Discrete Jitter          (DJ):    0.000ns
    Phase Error              (PE):    0.000ns

    Location             Delay type                Incr(ns)  Path(ns)    Netlist Resource(s)
  -------------------------------------------------------------------    -------------------
                         (clock sysclk rise edge)     0.000     0.000 r  <hidden>
    N15                                               0.000     0.000 r  clk
                         net (fo=0)                   0.000     0.000    clk
    N15                  IBUF (Prop_ibuf_I_O)         0.962     0.962 r  clk_IBUF_inst/O
                         net (fo=1, routed)           1.972     2.933    clk_IBUF
    BUFGCTRL_X0Y0        BUFG (Prop_bufg_I_O)         0.096     3.029 r  clk_IBUF_BUFG_inst/O
                         net (fo=67, routed)          1.633     4.663    scl_gen/CLK
    SLICE_X7Y10          FDCE                                         r  scl_gen/cnt_reg[2]/C
  -------------------------------------------------------------------    -------------------
    SLICE_X7Y10          FDCE (Prop_fdce_C_Q)         0.419     5.082 f  scl_gen/cnt_reg[2]/Q
                         net (fo=6, routed)           0.907     5.989    scl_gen/cnt_reg_n_0_[2]
    SLICE_X6Y10          LUT4 (Prop_lut4_I3_O)        0.327     6.316 f  scl_gen/FSM_sequential_state[3]_i_12/O
                         net (fo=11, routed)          1.072     7.388    master/FSM_sequential_state_reg[0]_1
    SLICE_X3Y11          LUT6 (Prop_lut6_I3_O)        0.348     7.736 f  master/bit_cnt[3]_i_4/O
                         net (fo=1, routed)           0.433     8.169    master/bit_cnt[3]_i_4_n_0
    SLICE_X3Y11          LUT6 (Prop_lut6_I1_O)        0.124     8.293 r  master/bit_cnt[3]_i_1/O
                         net (fo=4, routed)           0.591     8.885    master/bit_cnt[0]
    SLICE_X2Y11          FDCE                                         r  master/bit_cnt_reg[2]/CE
  -------------------------------------------------------------------    -------------------

                         (clock sysclk rise edge)    20.000    20.000 r  <hidden>
    N15                                               0.000    20.000 r  clk
                         net (fo=0)                   0.000    20.000    clk
    N15                  IBUF (Prop_ibuf_I_O)         0.828    20.828 r  clk_IBUF_inst/O
                         net (fo=1, routed)           1.868    22.696    clk_IBUF
    BUFGCTRL_X0Y0        BUFG (Prop_bufg_I_O)         0.091    22.787 r  clk_IBUF_BUFG_inst/O
                         net (fo=67, routed)          1.516    24.304    master/CLK
    SLICE_X2Y11          FDCE                                         r  master/bit_cnt_reg[2]/C
                         clock pessimism              0.322    24.626    <hidden>
                         clock uncertainty           -0.035    24.590    <hidden>
    SLICE_X2Y11          FDCE (Setup_fdce_C_CE)      -0.169    24.421    master/bit_cnt_reg[2]
  -------------------------------------------------------------------
                         required time                         24.421    <hidden>
                         arrival time                          -8.885    <hidden>
  -------------------------------------------------------------------
                         slack                                 15.537    <hidden>

Slack (MET) :             15.537ns  (required time - arrival time)
  Source:                 scl_gen/cnt_reg[2]/C
                            (rising edge-triggered cell FDCE clocked by sysclk  {rise@0.000ns fall@10.000ns period=20.000ns})
  Destination:            master/bit_cnt_reg[3]/CE
                            (rising edge-triggered cell FDCE clocked by sysclk  {rise@0.000ns fall@10.000ns period=20.000ns})
  Path Group:             sysclk
  Path Type:              Setup (Max at Slow Process Corner)
  Requirement:            20.000ns  (sysclk rise@20.000ns - sysclk rise@0.000ns)
  Data Path Delay:        4.222ns  (logic 1.218ns (28.850%)  route 3.004ns (71.150%))
  Logic Levels:           3  (LUT4=1 LUT6=2)
  Clock Path Skew:        -0.037ns (DCD - SCD + CPR)
    Destination Clock Delay (DCD):    4.304ns = ( 24.304 - 20.000 ) 
    Source Clock Delay      (SCD):    4.663ns
    Clock Pessimism Removal (CPR):    0.322ns
  Clock Uncertainty:      0.035ns  ((TSJ^2 + TIJ^2)^1/2 + DJ) / 2 + PE
    Total System Jitter     (TSJ):    0.071ns
    Total Input Jitter      (TIJ):    0.000ns
    Discrete Jitter          (DJ):    0.000ns
    Phase Error              (PE):    0.000ns

    Location             Delay type                Incr(ns)  Path(ns)    Netlist Resource(s)
  -------------------------------------------------------------------    -------------------
                         (clock sysclk rise edge)     0.000     0.000 r  <hidden>
    N15                                               0.000     0.000 r  clk
                         net (fo=0)                   0.000     0.000    clk
    N15                  IBUF (Prop_ibuf_I_O)         0.962     0.962 r  clk_IBUF_inst/O
                         net (fo=1, routed)           1.972     2.933    clk_IBUF
    BUFGCTRL_X0Y0        BUFG (Prop_bufg_I_O)         0.096     3.029 r  clk_IBUF_BUFG_inst/O
                         net (fo=67, routed)          1.633     4.663    scl_gen/CLK
    SLICE_X7Y10          FDCE                                         r  scl_gen/cnt_reg[2]/C
  -------------------------------------------------------------------    -------------------
    SLICE_X7Y10          FDCE (Prop_fdce_C_Q)         0.419     5.082 f  scl_gen/cnt_reg[2]/Q
                         net (fo=6, routed)           0.907     5.989    scl_gen/cnt_reg_n_0_[2]
    SLICE_X6Y10          LUT4 (Prop_lut4_I3_O)        0.327     6.316 f  scl_gen/FSM_sequential_state[3]_i_12/O
                         net (fo=11, routed)          1.072     7.388    master/FSM_sequential_state_reg[0]_1
    SLICE_X3Y11          LUT6 (Prop_lut6_I3_O)        0.348     7.736 f  master/bit_cnt[3]_i_4/O
                         net (fo=1, routed)           0.433     8.169    master/bit_cnt[3]_i_4_n_0
    SLICE_X3Y11          LUT6 (Prop_lut6_I1_O)        0.124     8.293 r  master/bit_cnt[3]_i_1/O
                         net (fo=4, routed)           0.591     8.885    master/bit_cnt[0]
    SLICE_X2Y11          FDCE                                         r  master/bit_cnt_reg[3]/CE
  -------------------------------------------------------------------    -------------------

                         (clock sysclk rise edge)    20.000    20.000 r  <hidden>
    N15                                               0.000    20.000 r  clk
                         net (fo=0)                   0.000    20.000    clk
    N15                  IBUF (Prop_ibuf_I_O)         0.828    20.828 r  clk_IBUF_inst/O
                         net (fo=1, routed)           1.868    22.696    clk_IBUF
    BUFGCTRL_X0Y0        BUFG (Prop_bufg_I_O)         0.091    22.787 r  clk_IBUF_BUFG_inst/O
                         net (fo=67, routed)          1.516    24.304    master/CLK
    SLICE_X2Y11          FDCE                                         r  master/bit_cnt_reg[3]/C
                         clock pessimism              0.322    24.626    <hidden>
                         clock uncertainty           -0.035    24.590    <hidden>
    SLICE_X2Y11          FDCE (Setup_fdce_C_CE)      -0.169    24.421    master/bit_cnt_reg[3]
  -------------------------------------------------------------------
                         required time                         24.421    <hidden>
                         arrival time                          -8.885    <hidden>
  -------------------------------------------------------------------
                         slack                                 15.537    <hidden>

Slack (MET) :             15.541ns  (required time - arrival time)
  Source:                 scl_gen/cnt_reg[2]/C
                            (rising edge-triggered cell FDCE clocked by sysclk  {rise@0.000ns fall@10.000ns period=20.000ns})
  Destination:            master/scl_oen_reg/CE
                            (rising edge-triggered cell FDPE clocked by sysclk  {rise@0.000ns fall@10.000ns period=20.000ns})
  Path Group:             sysclk
  Path Type:              Setup (Max at Slow Process Corner)
  Requirement:            20.000ns  (sysclk rise@20.000ns - sysclk rise@0.000ns)
  Data Path Delay:        4.193ns  (logic 1.468ns (35.013%)  route 2.725ns (64.987%))
  Logic Levels:           3  (LUT4=1 LUT5=2)
  Clock Path Skew:        -0.026ns (DCD - SCD + CPR)
    Destination Clock Delay (DCD):    4.302ns = ( 24.302 - 20.000 ) 
    Source Clock Delay      (SCD):    4.663ns
    Clock Pessimism Removal (CPR):    0.335ns
  Clock Uncertainty:      0.035ns  ((TSJ^2 + TIJ^2)^1/2 + DJ) / 2 + PE
    Total System Jitter     (TSJ):    0.071ns
    Total Input Jitter      (TIJ):    0.000ns
    Discrete Jitter          (DJ):    0.000ns
    Phase Error              (PE):    0.000ns

    Location             Delay type                Incr(ns)  Path(ns)    Netlist Resource(s)
  -------------------------------------------------------------------    -------------------
                         (clock sysclk rise edge)     0.000     0.000 r  <hidden>
    N15                                               0.000     0.000 r  clk
                         net (fo=0)                   0.000     0.000    clk
    N15                  IBUF (Prop_ibuf_I_O)         0.962     0.962 r  clk_IBUF_inst/O
                         net (fo=1, routed)           1.972     2.933    clk_IBUF
    BUFGCTRL_X0Y0        BUFG (Prop_bufg_I_O)         0.096     3.029 r  clk_IBUF_BUFG_inst/O
                         net (fo=67, routed)          1.633     4.663    scl_gen/CLK
    SLICE_X7Y10          FDCE                                         r  scl_gen/cnt_reg[2]/C
  -------------------------------------------------------------------    -------------------
    SLICE_X7Y10          FDCE (Prop_fdce_C_Q)         0.419     5.082 f  scl_gen/cnt_reg[2]/Q
                         net (fo=6, routed)           0.907     5.989    scl_gen/cnt_reg_n_0_[2]
    SLICE_X6Y10          LUT4 (Prop_lut4_I3_O)        0.327     6.316 f  scl_gen/FSM_sequential_state[3]_i_12/O
                         net (fo=11, routed)          0.613     6.929    scl_gen/cnt_reg[4]_0
    SLICE_X6Y11          LUT5 (Prop_lut5_I4_O)        0.374     7.303 f  scl_gen/cnt[7]_i_3/O
                         net (fo=11, routed)          0.617     7.920    master/half_reg_1
    SLICE_X5Y11          LUT5 (Prop_lut5_I0_O)        0.348     8.268 r  master/scl_oen_i_1/O
                         net (fo=1, routed)           0.587     8.855    master/scl_oen_i_1_n_0
    SLICE_X5Y11          FDPE                                         r  master/scl_oen_reg/CE
  -------------------------------------------------------------------    -------------------

                         (clock sysclk rise edge)    20.000    20.000 r  <hidden>
    N15                                               0.000    20.000 r  clk
                         net (fo=0)                   0.000    20.000    clk
    N15                  IBUF (Prop_ibuf_I_O)         0.828    20.828 r  clk_IBUF_inst/O
                         net (fo=1, routed)           1.868    22.696    clk_IBUF
    BUFGCTRL_X0Y0        BUFG (Prop_bufg_I_O)         0.091    22.787 r  clk_IBUF_BUFG_inst/O
                         net (fo=67, routed)          1.514    24.302    master/CLK
    SLICE_X5Y11          FDPE                                         r  master/scl_oen_reg/C
                         clock pessimism              0.335    24.637    <hidden>
                         clock uncertainty           -0.035    24.601    <hidden>
    SLICE_X5Y11          FDPE (Setup_fdpe_C_CE)      -0.205    24.396    master/scl_oen_reg
  -------------------------------------------------------------------
                         required time                         24.396    <hidden>
                         arrival time                          -8.855    <hidden>
  -------------------------------------------------------------------
                         slack                                 15.541    <hidden>




